UNIFIED_BENIGN_PACKER.cpp:8:10: fatal error: windows.h: No such file or directory
    8 | #include <windows.h>
      |          ^~~~~~~~~~~
compilation terminated.
